Copyright (c) 2003-2017 The DragonFly Project.
Copyright (c) 1992-2003 The FreeBSD Project.
Copyright (c) 1979, 1980, 1983, 1986, 1988, 1989, 1991, 1992, 1993, 1994
	The Regents of the University of California. All rights reserved.
DragonFly v4.8.1-RELEASE #5: Tue Aug  1 23:19:38 EDT 2017
    root@www.shiningsilence.com:/usr/obj/home/justin/release/4_8/sys/X86_64_GENERIC
i8254 clock: 1193189 Hz
TSC invariant clock: 2294702816 Hz
CPU: Intel(R) Core(TM) i7-4850HQ CPU @ 2.30GHz (2294.70-MHz K8-class CPU)
  Origin = "GenuineIntel"  Id = 0x40661  Stepping = 1
  Features=0x783fbff<FPU,VME,DE,PSE,TSC,MSR,PAE,MCE,CX8,APIC,SEP,MTRR,PGE,MCA,CMOV,PAT,PSE36,MMX,FXSR,SSE,SSE2>
  Features2=0x56d8220b<SSE3,PCLMULQDQ,MON,SSSE3,CX16,SSE4.1,SSE4.2,MOVBE,POPCNT,AESNI,XSAVE,AVX,RDRND>
  AMD Features=0x28100800<SYSCALL,NX,RDTSCP,LM>
  AMD Features2=0x21<LAHF,ABM>
  Structured Extended Features=0x2000
real memory  = 1072233472 (1022 MB)
avail memory = 962564096 (917 MB)
lapic: divisor index 0, frequency 500004933 Hz
srat_probe: can't locate SRAT
SMI Frequency (worst case): 40000 Hz (25 us)
Initialize MI interrupts
TSC: cputimer freq 71709463, shift 5
VMM: VMX is not supported by this Intel CPU
wdog: In-kernel automatic watchdog reset enabled
kbd1 at kbdmux0
md0: Malloc disk
interrupt uses mplock: swi_taskq
ACPI: RSDP 0x00000000000E0000 000024 (v02 VBOX  )
ACPI: XSDT 0x000000003FFF0030 00003C (v01 VBOX   VBOXXSDT 00000001 ASL  00000061)
ACPI: FACP 0x000000003FFF00F0 0000F4 (v04 VBOX   VBOXFACP 00000001 ASL  00000061)
ACPI: DSDT 0x000000003FFF0470 0021C8 (v02 VBOX   VBOXBIOS 00000002 INTL 20100528)
ACPI: FACS 0x000000003FFF0200 000040
ACPI: FACS 0x000000003FFF0200 000040
ACPI: APIC 0x000000003FFF0240 000054 (v02 VBOX   VBOXAPIC 00000001 ASL  00000061)
ACPI: SSDT 0x000000003FFF02A0 0001CC (v01 VBOX   VBOXCPUT 00000002 INTL 20100528)
cryptosoft0: <software crypto> on motherboard
aesni0: <AES-CBC,AES-XTS> on motherboard
padlock0: No ACE support.
rdrand0: <RdRand RNG> on motherboard
acpi0: <VBOX VBOXXSDT> on motherboard
ACPI: Executed 1 blocks of module-level executable AML code
ACPI: 2 ACPI AML tables successfully acquired and loaded
ACPI FADT: SCI testing interrupt mode ...
ACPI FADT: SCI select level/high
acpi0: Power Button (fixed)
acpi0: Sleep Button (fixed)
acpi_timer0 on acpi0
pcib0: <ACPI Host-PCI bridge> port 0xcf8-0xcff on acpi0
pci0: <ACPI PCI bus> on pcib0
isab0: <PCI-ISA bridge> at device 1.0 on pci0
isa0: <ISA bus> on isab0
atapci0: <Intel PIIX4 UDMA33 controller> port 0xd000-0xd00f,0x376,0x170-0x177,0x3f6,0x1f0-0x1f7 at device 1.1 on pci0
ata0: <ATA channel 0> on atapci0
interrupt uses mplock: ata0
ad0: 16384MB <VBOX HARDDISK 1.0> at ata0-master UDMA33
ata1: <ATA channel 1> on atapci0
interrupt uses mplock: ata1
acd0: DVDROM <VBOX CD-ROM/1.0> at ata1-master UDMA33
vgapci0: <VGA-compatible display> mem 0xe0000000-0xe0ffffff irq 18 at device 2.0 on pci0
vgapci0: Boot video device
em0: <Intel(R) PRO/1000 Network Connection 82540EM 7.4.2> port 0xd010-0xd017 mem 0xf0000000-0xf001ffff irq 19 at device 3.0 on pci0
em0: MAC address: 08:00:27:b2:31:f4
pci0: <base peripheral> (vendor 0x80ee, dev 0xcafe) at device 4.0 irq 20
ohci0: <Apple KeyLargo/Intrepid USB controller> mem 0xf0804000-0xf0804fff irq 22 at device 6.0 on pci0
usbus0 on ohci0
pci0: <bridge> (vendor 0x8086, dev 0x7113) at device 7.0 irq 23
usbus0: 12Mbps Full Speed USB v1.0
ehci0: <Intel 82801FB (ICH6) USB 2.0 controller> mem 0xf0805000-0xf0805fff irq 19 at device 11.0 on pci0
usbus1: EHCI version 1.0
ugen0.1: <Apple> at usbus0
uhub0: <Apple OHCI root HUB, class 9/0, rev 1.00/1.00, addr 1> on usbus0
usbus1 on ehci0
battery0: <ACPI Control Method Battery> on acpi0
acpi_acad0: <AC Adapter> on acpi0
atkbdc0: <Keyboard controller (i8042)> port 0x64,0x60 irq 1 on acpi0
atkbd0: <AT Keyboard> irq 1 on atkbdc0
kbd0 at atkbd0
usbus1: 480Mbps High Speed USB v2.0
ugen1.1: <Intel> at usbus1
uhub1: <Intel EHCI root HUB, class 9/0, rev 2.00/1.00, addr 1> on usbus1
psm0: <PS/2 Mouse> irq 12 on atkbdc0
interrupt uses mplock: psm0
psm0: model IntelliMouse Explorer, device ID 4
cpu0: <ACPI CPU> on acpi0
cpu_cst0: <ACPI CPU C-State> on cpu0
ACPI: Enabled 2 GPEs in block 00 to 07
orm0: <ISA Option ROMs> at iomem 0xc0000-0xc7fff,0xe2000-0xe2fff on isa0
pmtimer0 on isa0
vga0: <Generic ISA VGA> at port 0x3c0-0x3df iomem 0xa0000-0xbffff on isa0
sc0: <System console> at flags 0x500 on isa0
sc0: VGA <16 virtual consoles, flags=0x300>
sio0: can't drain, serial port might not exist, disabling
sio1: can't drain, serial port might not exist, disabling
hpt27xx: no controller detected.
CAM: Configuring 2 busses
uhub0: 12 ports with 12 removable, self powered
CAM: finished configuring all busses
cd0 at ata1 bus 0 target 0 lun 0
cd0: <VBOX CD-ROM 1.0> Removable CD-ROM SCSI-0 device 
cd0: 33.000MB/s transfers
cd0: Attempt to query device size failed: NOT READY, Medium not present
uhub1: 12 ports with 12 removable, self powered
no B_DEVMAGIC (bootdev=0)
Mounting root from ufs:serno/VB72453a18-bfd99f8c.s1d
DMA space used: 160k, remaining available: 62928k
Mounting devfs
swap low/high-water marks set to 16760/25140
